---
source: crates/vaab-vm/tests/errors.rs
expression: "stops(\"let big = 4_000_000_000\\nprint(big * big)\\n\")"
---
[integer-overflow] Error: this product does not fit in an Int
   ╭─[ example.vaab:2:7 ]
   │
 2 │ print(big * big)
   │       ────┬────  
   │           ╰────── this went past what an Int can hold
   │ 
   │ Help: an Int is 64 bits, so it holds whole numbers from -9223372036854775808 to 9223372036854775807
   │ 
   │ Note: Vaab checks every calculation rather than quietly wrapping round
───╯
