---
source: crates/vaab-types/tests/errors.rs
assertion_line: 758
expression: rendered
---
[not-json] Error: a `Box` cannot be turned into JSON
   ╭─[ example.vaab:1:14 ]
   │
 1 │ type Box can Json { inbox: channel of Int }
   │              ──┬─  
   │                ╰─── this is Box
   │ 
   │ Help: only JSON-encodable values may be passed to `to_json`
   │ 
   │ Note: numbers, text, yes/no, lists, text-keyed maps, and plain types/casts encode; channels and functions do not
───╯
