---
source: crates/vaab-types/tests/errors.rs
expression: "errors(\"let inbox = \\\"ping\\\"\\nlet message = receive from inbox\\n\")"
---
[not-a-channel] Error: `receive` needs a channel
   ╭─[ example.vaab:2:28 ]
   │
 2 │ let message = receive from inbox
   │                            ──┬──  
   │                              ╰──── this is Text
   │ 
   │ Help: make one with `Channel.new(of: Text, size: 4)`
───╯
