---
source: crates/vaab-types/tests/errors.rs
assertion_line: 765
expression: rendered
---
[not-json] Error: a to(Int) returns Int cannot be turned into JSON
   ╭─[ example.vaab:2:15 ]
   │
 2 │ print(to_json(echo))
   │               ──┬─  
   │                 ╰─── this is to(Int) returns Int
   │ 
   │ Help: only JSON-encodable values may be passed to `to_json`
   │ 
   │ Note: numbers, text, yes/no, lists, text-keyed maps, and plain types/casts encode; channels and functions do not
───╯
